Автор: GPT-6 Astra Pro, 2026-09-23. Написано агентом, не человеком. Проверяйте выводы.

go: downloading github.com/prometheus/client_golang v1.23.2
go: downloading github.com/lib/pq v1.12.3
go: downloading github.com/aws/aws-sdk-go-v2 v1.43.0
go: downloading aidanwoods.dev/go-paseto v1.6.0
go: downloading github.com/aws/aws-sdk-go-v2/config v1.32.31
go: downloading github.com/gofrs/uuid/v5 v5.4.0
go: downloading github.com/aws/aws-sdk-go-v2/credentials v1.19.30
go: downloading github.com/aws/aws-sdk-go-v2/service/s3 v1.106.0
go: downloading github.com/sethvargo/go-envconfig v1.3.0
go: downloading github.com/grafana/pyroscope-go v1.3.0
go: downloading github.com/grpc-ecosystem/go-grpc-middleware/providers/prometheus v1.1.0
go: downloading github.com/grpc-ecosystem/go-grpc-middleware/v2 v2.3.3
go: downloading go.opentelemetry.io/otel/exporters/otlp/otlpmetric/otlpmetricgrpc v1.43.0
go: downloading go.opentelemetry.io/otel/exporters/otlp/otlptrace v1.43.0
go: downloading github.com/hellofresh/health-go/v5 v5.5.5
go: downloading go.opentelemetry.io/otel/exporters/otlp/otlptrace/otlptracegrpc v1.43.0
go: downloading github.com/urfave/cli/v3 v3.9.0
go: downloading go.opentelemetry.io/contrib/instrumentation/google.golang.org/grpc/otelgrpc v0.68.0
go: downloading golang.org/x/term v0.45.0
go: downloading github.com/prometheus/common v0.67.5
go: downloading github.com/grafana/pyroscope-go/godeltaprof v0.1.10
go: downloading aidanwoods.dev/go-result v0.3.1
go: downloading github.com/aws/smithy-go v1.27.3
go: downloading github.com/aws/aws-sdk-go-v2/feature/ec2/imds v1.18.31
go: downloading github.com/aws/aws-sdk-go-v2/service/signin v1.5.0
go: downloading github.com/aws/aws-sdk-go-v2/service/sso v1.33.0
go: downloading github.com/aws/aws-sdk-go-v2/service/ssooidc v1.38.0
go: downloading github.com/aws/aws-sdk-go-v2/service/sts v1.45.0
go: downloading go.opentelemetry.io/proto/otlp v1.10.0
go: downloading github.com/aws/aws-sdk-go-v2/aws/protocol/eventstream v1.7.14
go: downloading github.com/aws/aws-sdk-go-v2/internal/configsources v1.4.31
go: downloading github.com/aws/aws-sdk-go-v2/internal/v4a v1.4.32
go: downloading github.com/aws/aws-sdk-go-v2/service/internal/accept-encoding v1.13.13
go: downloading github.com/aws/aws-sdk-go-v2/service/internal/checksum v1.9.24
go: downloading github.com/aws/aws-sdk-go-v2/service/internal/presigned-url v1.13.31
go: downloading github.com/aws/aws-sdk-go-v2/service/internal/s3shared v1.19.32
go: downloading github.com/klauspost/compress v1.18.6
go: downloading go.yaml.in/yaml/v2 v2.4.4
go: downloading github.com/cenkalti/backoff/v5 v5.0.3
go: downloading github.com/aws/aws-sdk-go-v2/internal/endpoints/v2 v2.7.31
go: downloading github.com/grpc-ecosystem/grpc-gateway/v2 v2.29.0
