Автор: GPT-6 Astra Pro, 2026-09-23. Написано агентом, не человеком. Проверяйте выводы.

#0 building with "desktop-linux" instance using docker driver

#1 [internal] load build definition from Dockerfile
#1 transferring dockerfile: 3.52kB done
#1 DONE 0.0s

#2 resolve image config for docker-image://docker.io/docker/dockerfile:1.23
#2 DONE 1.0s

#3 docker-image://docker.io/docker/dockerfile:1.23@sha256:2780b5c3bab67f1f76c781860de469442999ed1a0d7992a5efdf2cffc0e3d769
#3 resolve docker.io/docker/dockerfile:1.23@sha256:2780b5c3bab67f1f76c781860de469442999ed1a0d7992a5efdf2cffc0e3d769 done
#3 sha256:86ea2bbb0f9dfaf8a78dec7df55fe7dd9e6028a24b247597aca3aceb8b6ac240 0B / 13.00MB 0.2s
#3 sha256:86ea2bbb0f9dfaf8a78dec7df55fe7dd9e6028a24b247597aca3aceb8b6ac240 1.05MB / 13.00MB 0.5s
#3 sha256:86ea2bbb0f9dfaf8a78dec7df55fe7dd9e6028a24b247597aca3aceb8b6ac240 4.19MB / 13.00MB 0.6s
#3 sha256:86ea2bbb0f9dfaf8a78dec7df55fe7dd9e6028a24b247597aca3aceb8b6ac240 6.29MB / 13.00MB 0.8s
#3 sha256:86ea2bbb0f9dfaf8a78dec7df55fe7dd9e6028a24b247597aca3aceb8b6ac240 8.39MB / 13.00MB 0.9s
#3 sha256:86ea2bbb0f9dfaf8a78dec7df55fe7dd9e6028a24b247597aca3aceb8b6ac240 10.49MB / 13.00MB 1.1s
#3 sha256:86ea2bbb0f9dfaf8a78dec7df55fe7dd9e6028a24b247597aca3aceb8b6ac240 13.00MB / 13.00MB 1.2s done
#3 DONE 1.2s

#3 docker-image://docker.io/docker/dockerfile:1.23@sha256:2780b5c3bab67f1f76c781860de469442999ed1a0d7992a5efdf2cffc0e3d769
#3 extracting sha256:86ea2bbb0f9dfaf8a78dec7df55fe7dd9e6028a24b247597aca3aceb8b6ac240 0.1s done
#3 DONE 1.3s

#4 [internal] load metadata for docker.io/library/golang:1.26-bookworm
#4 ...

#5 [auth] library/debian:pull token for registry-1.docker.io
#5 DONE 0.0s

#6 [internal] load metadata for docker.io/library/debian:bookworm-slim
#6 ...

#4 [internal] load metadata for docker.io/library/golang:1.26-bookworm
#4 DONE 0.9s

#6 [internal] load metadata for docker.io/library/debian:bookworm-slim
#6 DONE 1.6s

#7 [internal] load .dockerignore
#7 transferring context: 2B done
#7 DONE 0.0s

#8 [internal] load build context
#8 DONE 0.0s

#9 [builder 1/8] FROM docker.io/library/golang:1.26-bookworm@sha256:a688600ca24f8a4d3ca77f95b0dd40704a9fc787c826660eb7ba0b641b8b175d
#9 resolve docker.io/library/golang:1.26-bookworm@sha256:a688600ca24f8a4d3ca77f95b0dd40704a9fc787c826660eb7ba0b641b8b175d done
#9 DONE 0.0s

#10 [stage-1 1/5] FROM docker.io/library/debian:bookworm-slim@sha256:3783cc01769c7b2b1b83a5c5ad96c815348e28ed7da68e2e3687004faa906251
#10 resolve docker.io/library/debian:bookworm-slim@sha256:3783cc01769c7b2b1b83a5c5ad96c815348e28ed7da68e2e3687004faa906251
#10 resolve docker.io/library/debian:bookworm-slim@sha256:3783cc01769c7b2b1b83a5c5ad96c815348e28ed7da68e2e3687004faa906251 done
#10 ...

#8 [internal] load build context
#8 transferring context: 4.54MB 0.1s done
#8 DONE 0.2s

#10 [stage-1 1/5] FROM docker.io/library/debian:bookworm-slim@sha256:3783cc01769c7b2b1b83a5c5ad96c815348e28ed7da68e2e3687004faa906251
#10 sha256:333125b5cee9fb6718bdcb523fc93b4adc71b7c37ada6146a20c193430e549b9 0B / 28.12MB 0.2s
#10 sha256:333125b5cee9fb6718bdcb523fc93b4adc71b7c37ada6146a20c193430e549b9 0B / 28.12MB 5.3s
#10 ...

#9 [builder 1/8] FROM docker.io/library/golang:1.26-bookworm@sha256:a688600ca24f8a4d3ca77f95b0dd40704a9fc787c826660eb7ba0b641b8b175d
#9 sha256:463e536fb8d50ca966c977dd42c75920f5b91c6c3d71720f7f0a9fbff5d6934a 126B / 126B 0.2s done
#9 sha256:ab4cdf0f863da5efe79894ed56b4c602716b466eb70864c5dda3bffe1b6fe2e4 28.31MB / 86.64MB 6.8s
#9 sha256:328a0fa474a1ca8d79c015c72bce6d935298ea38f98b4e04dec9e350442e03d7 29.36MB / 64.50MB 6.8s
#9 sha256:51fb0b9b10a77a100f12ca35704e0bf2e54f625945c6087b132491dec45b4ed6 9.44MB / 64.22MB 6.6s
#9 sha256:328a0fa474a1ca8d79c015c72bce6d935298ea38f98b4e04dec9e350442e03d7 33.55MB / 64.50MB 7.7s
#9 sha256:51fb0b9b10a77a100f12ca35704e0bf2e54f625945c6087b132491dec45b4ed6 13.63MB / 64.22MB 7.8s
#9 sha256:ab4cdf0f863da5efe79894ed56b4c602716b466eb70864c5dda3bffe1b6fe2e4 33.55MB / 86.64MB 8.3s
#9 sha256:328a0fa474a1ca8d79c015c72bce6d935298ea38f98b4e04dec9e350442e03d7 37.75MB / 64.50MB 8.9s
#9 sha256:51fb0b9b10a77a100f12ca35704e0bf2e54f625945c6087b132491dec45b4ed6 17.83MB / 64.22MB 9.0s
#9 sha256:ab4cdf0f863da5efe79894ed56b4c602716b466eb70864c5dda3bffe1b6fe2e4 38.80MB / 86.64MB 9.5s
#9 sha256:328a0fa474a1ca8d79c015c72bce6d935298ea38f98b4e04dec9e350442e03d7 41.94MB / 64.50MB 10.4s
#9 sha256:51fb0b9b10a77a100f12ca35704e0bf2e54f625945c6087b132491dec45b4ed6 22.02MB / 64.22MB 10.2s
#9 sha256:ab4cdf0f863da5efe79894ed56b4c602716b466eb70864c5dda3bffe1b6fe2e4 44.04MB / 86.64MB 11.4s
#9 sha256:328a0fa474a1ca8d79c015c72bce6d935298ea38f98b4e04dec9e350442e03d7 46.14MB / 64.50MB 11.4s
#9 sha256:51fb0b9b10a77a100f12ca35704e0bf2e54f625945c6087b132491dec45b4ed6 26.21MB / 64.22MB 11.4s
#9 sha256:328a0fa474a1ca8d79c015c72bce6d935298ea38f98b4e04dec9e350442e03d7 50.33MB / 64.50MB 12.9s
#9 sha256:ab4cdf0f863da5efe79894ed56b4c602716b466eb70864c5dda3bffe1b6fe2e4 49.28MB / 86.64MB 13.5s
#9 sha256:51fb0b9b10a77a100f12ca35704e0bf2e54f625945c6087b132491dec45b4ed6 31.46MB / 64.22MB 13.4s
#9 sha256:328a0fa474a1ca8d79c015c72bce6d935298ea38f98b4e04dec9e350442e03d7 54.53MB / 64.50MB 14.6s
#9 sha256:51fb0b9b10a77a100f12ca35704e0bf2e54f625945c6087b132491dec45b4ed6 35.65MB / 64.22MB 15.0s
#9 sha256:ab4cdf0f863da5efe79894ed56b4c602716b466eb70864c5dda3bffe1b6fe2e4 54.53MB / 86.64MB 15.6s
#9 sha256:328a0fa474a1ca8d79c015c72bce6d935298ea38f98b4e04dec9e350442e03d7 58.72MB / 64.50MB 16.1s
#9 sha256:51fb0b9b10a77a100f12ca35704e0bf2e54f625945c6087b132491dec45b4ed6 39.85MB / 64.22MB 16.5s
#9 ...

#10 [stage-1 1/5] FROM docker.io/library/debian:bookworm-slim@sha256:3783cc01769c7b2b1b83a5c5ad96c815348e28ed7da68e2e3687004faa906251
#10 sha256:333125b5cee9fb6718bdcb523fc93b4adc71b7c37ada6146a20c193430e549b9 8.39MB / 28.12MB 17.1s
#10 ...

#9 [builder 1/8] FROM docker.io/library/golang:1.26-bookworm@sha256:a688600ca24f8a4d3ca77f95b0dd40704a9fc787c826660eb7ba0b641b8b175d
#9 sha256:ab4cdf0f863da5efe79894ed56b4c602716b466eb70864c5dda3bffe1b6fe2e4 59.77MB / 86.64MB 17.4s
#9 sha256:328a0fa474a1ca8d79c015c72bce6d935298ea38f98b4e04dec9e350442e03d7 62.91MB / 64.50MB 17.4s
#9 sha256:328a0fa474a1ca8d79c015c72bce6d935298ea38f98b4e04dec9e350442e03d7 64.50MB / 64.50MB 17.9s done
#9 sha256:51fb0b9b10a77a100f12ca35704e0bf2e54f625945c6087b132491dec45b4ed6 44.04MB / 64.22MB 17.9s
#9 sha256:e528fa46febdafdfec8e02c978fc9de14e76dd532505c33472d8f915ac27a2f8 0B / 23.63MB 0.2s
#9 sha256:ab4cdf0f863da5efe79894ed56b4c602716b466eb70864c5dda3bffe1b6fe2e4 65.01MB / 86.64MB 18.9s
#9 sha256:e528fa46febdafdfec8e02c978fc9de14e76dd532505c33472d8f915ac27a2f8 2.10MB / 23.63MB 1.1s
#9 sha256:51fb0b9b10a77a100f12ca35704e0bf2e54f625945c6087b132491dec45b4ed6 48.23MB / 64.22MB 19.4s
#9 sha256:e528fa46febdafdfec8e02c978fc9de14e76dd532505c33472d8f915ac27a2f8 4.19MB / 23.63MB 1.8s
#9 sha256:e528fa46febdafdfec8e02c978fc9de14e76dd532505c33472d8f915ac27a2f8 6.29MB / 23.63MB 2.4s
#9 sha256:ab4cdf0f863da5efe79894ed56b4c602716b466eb70864c5dda3bffe1b6fe2e4 70.25MB / 86.64MB 20.4s
#9 sha256:51fb0b9b10a77a100f12ca35704e0bf2e54f625945c6087b132491dec45b4ed6 52.43MB / 64.22MB 20.6s
#9 sha256:e528fa46febdafdfec8e02c978fc9de14e76dd532505c33472d8f915ac27a2f8 8.39MB / 23.63MB 3.0s
#9 sha256:e528fa46febdafdfec8e02c978fc9de14e76dd532505c33472d8f915ac27a2f8 10.49MB / 23.63MB 3.6s
#9 sha256:ab4cdf0f863da5efe79894ed56b4c602716b466eb70864c5dda3bffe1b6fe2e4 75.50MB / 86.64MB 21.9s
#9 sha256:51fb0b9b10a77a100f12ca35704e0bf2e54f625945c6087b132491dec45b4ed6 56.62MB / 64.22MB 21.9s
#9 sha256:e528fa46febdafdfec8e02c978fc9de14e76dd532505c33472d8f915ac27a2f8 12.58MB / 23.63MB 4.2s
#9 sha256:e528fa46febdafdfec8e02c978fc9de14e76dd532505c33472d8f915ac27a2f8 14.68MB / 23.63MB 4.8s
#9 sha256:ab4cdf0f863da5efe79894ed56b4c602716b466eb70864c5dda3bffe1b6fe2e4 80.74MB / 86.64MB 23.1s
#9 sha256:51fb0b9b10a77a100f12ca35704e0bf2e54f625945c6087b132491dec45b4ed6 60.82MB / 64.22MB 23.1s
#9 sha256:e528fa46febdafdfec8e02c978fc9de14e76dd532505c33472d8f915ac27a2f8 16.78MB / 23.63MB 5.6s
#9 sha256:e528fa46febdafdfec8e02c978fc9de14e76dd532505c33472d8f915ac27a2f8 18.87MB / 23.63MB 6.0s
#9 sha256:51fb0b9b10a77a100f12ca35704e0bf2e54f625945c6087b132491dec45b4ed6 64.22MB / 64.22MB 24.1s done
#9 sha256:ab4cdf0f863da5efe79894ed56b4c602716b466eb70864c5dda3bffe1b6fe2e4 85.98MB / 86.64MB 24.6s
#9 sha256:450fe15cad1eddfa7c19e4191f4de2d5c46b0c201ddee1db8d6f41d2fec7a742 0B / 48.39MB 0.2s
#9 sha256:ab4cdf0f863da5efe79894ed56b4c602716b466eb70864c5dda3bffe1b6fe2e4 86.64MB / 86.64MB 24.7s done
#9 sha256:e528fa46febdafdfec8e02c978fc9de14e76dd532505c33472d8f915ac27a2f8 20.97MB / 23.63MB 6.8s
#9 sha256:e528fa46febdafdfec8e02c978fc9de14e76dd532505c33472d8f915ac27a2f8 23.63MB / 23.63MB 7.3s done
#9 sha256:450fe15cad1eddfa7c19e4191f4de2d5c46b0c201ddee1db8d6f41d2fec7a742 3.15MB / 48.39MB 1.2s
#9 sha256:450fe15cad1eddfa7c19e4191f4de2d5c46b0c201ddee1db8d6f41d2fec7a742 6.29MB / 48.39MB 1.8s
#9 sha256:450fe15cad1eddfa7c19e4191f4de2d5c46b0c201ddee1db8d6f41d2fec7a742 9.44MB / 48.39MB 2.3s
#9 ...

#10 [stage-1 1/5] FROM docker.io/library/debian:bookworm-slim@sha256:3783cc01769c7b2b1b83a5c5ad96c815348e28ed7da68e2e3687004faa906251
#10 sha256:333125b5cee9fb6718bdcb523fc93b4adc71b7c37ada6146a20c193430e549b9 28.12MB / 28.12MB 26.6s done
#10 extracting sha256:333125b5cee9fb6718bdcb523fc93b4adc71b7c37ada6146a20c193430e549b9 0.4s done
#10 DONE 27.0s

#9 [builder 1/8] FROM docker.io/library/golang:1.26-bookworm@sha256:a688600ca24f8a4d3ca77f95b0dd40704a9fc787c826660eb7ba0b641b8b175d
#9 sha256:450fe15cad1eddfa7c19e4191f4de2d5c46b0c201ddee1db8d6f41d2fec7a742 12.58MB / 48.39MB 2.7s
#9 sha256:450fe15cad1eddfa7c19e4191f4de2d5c46b0c201ddee1db8d6f41d2fec7a742 15.73MB / 48.39MB 3.0s
#9 sha256:450fe15cad1eddfa7c19e4191f4de2d5c46b0c201ddee1db8d6f41d2fec7a742 18.87MB / 48.39MB 3.3s
#9 sha256:450fe15cad1eddfa7c19e4191f4de2d5c46b0c201ddee1db8d6f41d2fec7a742 22.02MB / 48.39MB 3.8s
#9 sha256:450fe15cad1eddfa7c19e4191f4de2d5c46b0c201ddee1db8d6f41d2fec7a742 25.17MB / 48.39MB 4.1s
#9 sha256:450fe15cad1eddfa7c19e4191f4de2d5c46b0c201ddee1db8d6f41d2fec7a742 28.31MB / 48.39MB 4.4s
#9 sha256:450fe15cad1eddfa7c19e4191f4de2d5c46b0c201ddee1db8d6f41d2fec7a742 31.46MB / 48.39MB 4.7s
#9 sha256:450fe15cad1eddfa7c19e4191f4de2d5c46b0c201ddee1db8d6f41d2fec7a742 35.65MB / 48.39MB 5.0s
#9 sha256:450fe15cad1eddfa7c19e4191f4de2d5c46b0c201ddee1db8d6f41d2fec7a742 38.80MB / 48.39MB 5.3s
#9 sha256:450fe15cad1eddfa7c19e4191f4de2d5c46b0c201ddee1db8d6f41d2fec7a742 41.94MB / 48.39MB 5.6s
#9 sha256:450fe15cad1eddfa7c19e4191f4de2d5c46b0c201ddee1db8d6f41d2fec7a742 45.09MB / 48.39MB 5.7s
#9 sha256:450fe15cad1eddfa7c19e4191f4de2d5c46b0c201ddee1db8d6f41d2fec7a742 48.39MB / 48.39MB 6.0s done
#9 DONE 30.5s

#11 [stage-1 2/5] RUN apt-get update     && apt-get upgrade -y --no-install-recommends     && apt-get install -y --no-install-recommends ca-certificates     && rm -rf /var/lib/apt/lists/*
#11 0.668 Get:1 http://deb.debian.org/debian bookworm InRelease [151 kB]
#11 0.898 Get:2 http://deb.debian.org/debian bookworm-updates InRelease [55.4 kB]
#11 1.012 Get:3 http://deb.debian.org/debian-security bookworm-security InRelease [34.8 kB]
#11 1.575 Get:4 http://deb.debian.org/debian bookworm/main arm64 Packages [8689 kB]
#11 ...

#9 [builder 1/8] FROM docker.io/library/golang:1.26-bookworm@sha256:a688600ca24f8a4d3ca77f95b0dd40704a9fc787c826660eb7ba0b641b8b175d
#9 extracting sha256:450fe15cad1eddfa7c19e4191f4de2d5c46b0c201ddee1db8d6f41d2fec7a742 0.5s done
#9 DONE 31.0s

#9 [builder 1/8] FROM docker.io/library/golang:1.26-bookworm@sha256:a688600ca24f8a4d3ca77f95b0dd40704a9fc787c826660eb7ba0b641b8b175d
#9 extracting sha256:e528fa46febdafdfec8e02c978fc9de14e76dd532505c33472d8f915ac27a2f8
#9 extracting sha256:e528fa46febdafdfec8e02c978fc9de14e76dd532505c33472d8f915ac27a2f8 0.3s done
#9 DONE 31.3s

#11 [stage-1 2/5] RUN apt-get update     && apt-get upgrade -y --no-install-recommends     && apt-get install -y --no-install-recommends ca-certificates     && rm -rf /var/lib/apt/lists/*
#11 ...

#9 [builder 1/8] FROM docker.io/library/golang:1.26-bookworm@sha256:a688600ca24f8a4d3ca77f95b0dd40704a9fc787c826660eb7ba0b641b8b175d
#9 extracting sha256:328a0fa474a1ca8d79c015c72bce6d935298ea38f98b4e04dec9e350442e03d7 0.6s done
#9 DONE 31.9s

#9 [builder 1/8] FROM docker.io/library/golang:1.26-bookworm@sha256:a688600ca24f8a4d3ca77f95b0dd40704a9fc787c826660eb7ba0b641b8b175d
#9 extracting sha256:ab4cdf0f863da5efe79894ed56b4c602716b466eb70864c5dda3bffe1b6fe2e4
#9 extracting sha256:ab4cdf0f863da5efe79894ed56b4c602716b466eb70864c5dda3bffe1b6fe2e4 0.9s done
#9 DONE 32.8s

#11 [stage-1 2/5] RUN apt-get update     && apt-get upgrade -y --no-install-recommends     && apt-get install -y --no-install-recommends ca-certificates     && rm -rf /var/lib/apt/lists/*
#11 ...

#9 [builder 1/8] FROM docker.io/library/golang:1.26-bookworm@sha256:a688600ca24f8a4d3ca77f95b0dd40704a9fc787c826660eb7ba0b641b8b175d
#9 extracting sha256:51fb0b9b10a77a100f12ca35704e0bf2e54f625945c6087b132491dec45b4ed6
#9 extracting sha256:51fb0b9b10a77a100f12ca35704e0bf2e54f625945c6087b132491dec45b4ed6 1.1s done
#9 DONE 33.9s

#11 [stage-1 2/5] RUN apt-get update     && apt-get upgrade -y --no-install-recommends     && apt-get install -y --no-install-recommends ca-certificates     && rm -rf /var/lib/apt/lists/*
#11 ...

#9 [builder 1/8] FROM docker.io/library/golang:1.26-bookworm@sha256:a688600ca24f8a4d3ca77f95b0dd40704a9fc787c826660eb7ba0b641b8b175d
#9 extracting sha256:463e536fb8d50ca966c977dd42c75920f5b91c6c3d71720f7f0a9fbff5d6934a done
#9 extracting sha256:4f4fb700ef54461cfa02571ae0db9a0dc1e0cdb5577484a6d75e68dc38e8acc1 done
#9 DONE 33.9s

#12 [builder 2/8] WORKDIR /app
#12 DONE 0.2s

#11 [stage-1 2/5] RUN apt-get update     && apt-get upgrade -y --no-install-recommends     && apt-get install -y --no-install-recommends ca-certificates     && rm -rf /var/lib/apt/lists/*
#11 ...

#13 [builder 3/8] COPY go.mod go.sum ./
#13 DONE 0.0s

#14 [builder 4/8] COPY api/go.mod api/go.sum ./api/
#14 DONE 0.0s

#15 [builder 5/8] COPY sdk/go.mod sdk/go.sum ./sdk/
#15 DONE 0.0s

#16 [builder 6/8] RUN --mount=type=cache,target=/go/pkg/mod go mod download
#16 ...

#11 [stage-1 2/5] RUN apt-get update     && apt-get upgrade -y --no-install-recommends     && apt-get install -y --no-install-recommends ca-certificates     && rm -rf /var/lib/apt/lists/*
#11 12.55 Get:5 http://deb.debian.org/debian bookworm-updates/main arm64 Packages [6936 B]
#11 12.61 Get:6 http://deb.debian.org/debian-security bookworm-security/main arm64 Packages [339 kB]
#11 13.10 Fetched 9277 kB in 13s (713 kB/s)
#11 13.10 Reading package lists...
#11 13.34 Reading package lists...
#11 13.71 Building dependency tree...
#11 13.78 Reading state information...
#11 13.79 Calculating upgrade...
#11 13.86 The following packages will be upgraded:
#11 13.86   tzdata
#11 13.98 1 upgraded, 0 newly installed, 0 to remove and 0 not upgraded.
#11 13.98 Need to get 304 kB of archives.
#11 13.98 After this operation, 4096 B disk space will be freed.
#11 13.98 Get:1 http://deb.debian.org/debian-security bookworm-security/main arm64 tzdata all 2026c-0+deb12u1 [304 kB]
#11 14.20 debconf: delaying package configuration, since apt-utils is not installed
#11 14.21 Fetched 304 kB in 0s (1069 kB/s)
#11 14.23 (Reading database ...
(Reading database ... 5%
(Reading database ... 10%
(Reading database ... 15%
(Reading database ... 20%
(Reading database ... 25%
(Reading database ... 30%
(Reading database ... 35%
(Reading database ... 40%
(Reading database ... 45%
(Reading database ... 50%
(Reading database ... 55%
(Reading database ... 60%
(Reading database ... 65%
(Reading database ... 70%
(Reading database ... 75%
(Reading database ... 80%
(Reading database ... 85%
(Reading database ... 90%
(Reading database ... 95%
(Reading database ... 100%
(Reading database ... 6090 files and directories currently installed.)
#11 14.23 Preparing to unpack .../tzdata_2026c-0+deb12u1_all.deb ...
#11 14.27 Unpacking tzdata (2026c-0+deb12u1) over (2026b-0+deb12u1) ...
#11 15.02 Setting up tzdata (2026c-0+deb12u1) ...
#11 15.05 debconf: unable to initialize frontend: Dialog
#11 15.05 debconf: (TERM is not set, so the dialog frontend is not usable.)
#11 15.05 debconf: falling back to frontend: Readline
#11 15.05 debconf: unable to initialize frontend: Readline
#11 15.05 debconf: (Can't locate Term/ReadLine.pm in @INC (you may need to install the Term::ReadLine module) (@INC contains: /etc/perl /usr/local/lib/aarch64-linux-gnu/perl/5.36.0 /usr/local/share/perl/5.36.0 /usr/lib/aarch64-linux-gnu/perl5/5.36 /usr/share/perl5 /usr/lib/aarch64-linux-gnu/perl-base /usr/lib/aarch64-linux-gnu/perl/5.36 /usr/share/perl/5.36 /usr/local/lib/site_perl) at /usr/share/perl5/Debconf/FrontEnd/Readline.pm line 7.)
#11 15.05 debconf: falling back to frontend: Teletype
#11 15.07
#11 15.07 Current default time zone: 'Etc/UTC'
#11 15.07 Local time is now:      Wed Sep 23 08:15:45 UTC 2026.
#11 15.07 Universal Time is now:  Wed Sep 23 08:15:45 UTC 2026.
#11 15.07 Run 'dpkg-reconfigure tzdata' if you wish to change it.
#11 15.07
#11 15.10 Reading package lists...
#11 15.35 Building dependency tree...
#11 15.43 Reading state information...
#11 15.51 The following additional packages will be installed:
#11 15.51   libssl3 openssl
#11 15.52 The following NEW packages will be installed:
#11 15.52   ca-certificates libssl3 openssl
#11 15.66 0 upgraded, 3 newly installed, 0 to remove and 0 not upgraded.
#11 15.66 Need to get 3391 kB of archives.
#11 15.66 After this operation, 8934 kB of additional disk space will be used.
#11 15.66 Get:1 http://deb.debian.org/debian bookworm/main arm64 libssl3 arm64 3.0.20-1~deb12u2 [1824 kB]
#11 16.43 Get:2 http://deb.debian.org/debian bookworm/main arm64 openssl arm64 3.0.20-1~deb12u2 [1405 kB]
#11 16.58 Get:3 http://deb.debian.org/debian-security bookworm-security/main arm64 ca-certificates all 20250419~deb12u1 [162 kB]
#11 16.64 debconf: delaying package configuration, since apt-utils is not installed
#11 16.65 Fetched 3391 kB in 1s (3150 kB/s)
#11 16.67 Selecting previously unselected package libssl3:arm64.
#11 16.67 (Reading database ...
(Reading database ... 5%
(Reading database ... 10%
(Reading database ... 15%
(Reading database ... 20%
(Reading database ... 25%
(Reading database ... 30%
(Reading database ... 35%
(Reading database ... 40%
(Reading database ... 45%
(Reading database ... 50%
(Reading database ... 55%
(Reading database ... 60%
(Reading database ... 65%
(Reading database ... 70%
(Reading database ... 75%
(Reading database ... 80%
(Reading database ... 85%
(Reading database ... 90%
(Reading database ... 95%
(Reading database ... 100%
(Reading database ... 6090 files and directories currently installed.)
#11 16.67 Preparing to unpack .../libssl3_3.0.20-1~deb12u2_arm64.deb ...
#11 16.68 Unpacking libssl3:arm64 (3.0.20-1~deb12u2) ...
#11 16.75 Selecting previously unselected package openssl.
#11 16.75 Preparing to unpack .../openssl_3.0.20-1~deb12u2_arm64.deb ...
#11 16.75 Unpacking openssl (3.0.20-1~deb12u2) ...
#11 16.82 Selecting previously unselected package ca-certificates.
#11 16.82 Preparing to unpack .../ca-certificates_20250419~deb12u1_all.deb ...
#11 16.82 Unpacking ca-certificates (20250419~deb12u1) ...
#11 16.84 Setting up libssl3:arm64 (3.0.20-1~deb12u2) ...
#11 16.84 Setting up openssl (3.0.20-1~deb12u2) ...
#11 16.85 Setting up ca-certificates (20250419~deb12u1) ...
#11 16.88 debconf: unable to initialize frontend: Dialog
#11 16.88 debconf: (TERM is not set, so the dialog frontend is not usable.)
#11 16.88 debconf: falling back to frontend: Readline
#11 16.88 debconf: unable to initialize frontend: Readline
#11 16.88 debconf: (Can't locate Term/ReadLine.pm in @INC (you may need to install the Term::ReadLine module) (@INC contains: /etc/perl /usr/local/lib/aarch64-linux-gnu/perl/5.36.0 /usr/local/share/perl/5.36.0 /usr/lib/aarch64-linux-gnu/perl5/5.36 /usr/share/perl5 /usr/lib/aarch64-linux-gnu/perl-base /usr/lib/aarch64-linux-gnu/perl/5.36 /usr/share/perl/5.36 /usr/local/lib/site_perl) at /usr/share/perl5/Debconf/FrontEnd/Readline.pm line 7.)
#11 16.88 debconf: falling back to frontend: Teletype
#11 17.07 Updating certificates in /etc/ssl/certs...
#11 17.38 150 added, 0 removed; done.
#11 17.39 Processing triggers for libc-bin (2.36-9+deb12u14) ...
#11 17.40 Processing triggers for ca-certificates (20250419~deb12u1) ...
#11 17.40 Updating certificates in /etc/ssl/certs...
#11 17.56 0 added, 0 removed; done.
#11 17.56 Running hooks in /etc/ca-certificates/update.d...
#11 17.56 done.
#11 DONE 17.7s

#16 [builder 6/8] RUN --mount=type=cache,target=/go/pkg/mod go mod download
#16 ...

#17 [stage-1 3/5] RUN groupadd --gid 65532 nonroot  && useradd --uid 65532 --gid 65532 --home-dir /home/nonroot --create-home nonroot  && mkdir -p /plugins  && chown 65532:65532 /plugins
#17 0.131 useradd warning: nonroot's uid 65532 outside of the UID_MIN 1000 and UID_MAX 60000 range.
#17 DONE 0.2s

#16 [builder 6/8] RUN --mount=type=cache,target=/go/pkg/mod go mod download
#16 DONE 19.7s

#18 [builder 7/8] COPY . .
#18 DONE 0.1s

#19 [builder 8/8] RUN --mount=type=cache,target=/go/pkg/mod     --mount=type=cache,target=/root/.cache/go-build     CGO_ENABLED=0 GOOS=linux GOARCH=arm64     go build -trimpath -ldflags="-s -w -X main.version=v1.0.2-audit" -o easyp-svc ./cmd/easyp-svc/
#19 DONE 9.0s

#20 [stage-1 4/5] COPY --from=builder --chown=65532:65532 /app/easyp-svc /easyp-svc
#20 DONE 0.0s

#21 [stage-1 5/5] COPY --from=builder /app/LICENSE /LICENSE
#21 DONE 0.0s

#22 exporting to image
#22 exporting layers
#22 exporting layers 0.5s done
#22 exporting manifest sha256:129dbd849b5cc0ddd538a6d28ea80ca8b529287eae0841ac27213c1c45ec6815
#22 exporting manifest sha256:129dbd849b5cc0ddd538a6d28ea80ca8b529287eae0841ac27213c1c45ec6815 done
#22 exporting config sha256:d9d592319c05e506393f1af90c86035112defce806ef5bde3a204f65bdb0b5d4 done
#22 exporting attestation manifest sha256:68e3d11ff556719c1e564285c74bf07c8fd1e0fd5128b828104e15a6919e9280 done
#22 exporting manifest list sha256:b7c88688833ae4d6383ad0fc1a134da5d1938c61e09ef64f9073db8f95c28cf3 done
#22 naming to docker.io/library/easyp-api-docs-audit:local done
#22 unpacking to docker.io/library/easyp-api-docs-audit:local
#22 unpacking to docker.io/library/easyp-api-docs-audit:local 0.2s done
#22 DONE 0.7s

View build details: docker-desktop://dashboard/build/desktop-linux/desktop-linux/uu5alrj1r2f5dc4wbwnn4jn4x

EXIT=0
